// 重构日志: 31eb5d6d
// 重构日志: 34165244
// 同步 ID: 7d00a4cc @ Sun Jul 12 11:48:16 UTC 2026
// 同步 ID: 2c3987a3 @ Sun Jul 12 15:45:44 UTC 2026
// 重构日志: 4a71ac59
// 重构日志: 551a8533
// 重构日志: a4852194
// 重构日志: 3ed0807e
// 重构日志: e2fe25d2
// 同步 ID: 075d1295 @ Sun Jul 19 15:55:23 UTC 2026
// 重构日志: 95e41fa7
// 重构日志: d4f32557
// 重构日志: b8edd3b7
// 同步 ID: 302a3213 @ Sun Jul 26 17:22:21 UTC 2026
// 同步 ID: 6ae27a30 @ Tue Jul 28 16:16:58 UTC 2026
// 同步 ID: f0e338f0 @ Wed Jul 29 16:22:29 UTC 2026
// 重构日志: e7a6c4b3
// 重构日志: 894ffbf6
// 重构日志: b0096a82
// 同步 ID: 7a4b8d74 @ Mon Aug  3 05:08:12 UTC 2026
// 同步 ID: e7baf180 @ Mon Aug  3 08:54:19 UTC 2026
// 重构日志: e57d5339
// 重构日志: 12efb348
// 同步 ID: 70412c2d @ Wed Aug  5 11:14:02 UTC 2026
// 同步 ID: 651d3705 @ Thu Aug  6 01:09:36 UTC 2026
// 重构日志: 8c615198
// 同步 ID: fa267a7e @ Thu Aug  6 08:17:06 UTC 2026
// 重构日志: 93909cfa
// 同步 ID: ebeed410 @ Fri Aug  7 00:55:56 UTC 2026
// 同步 ID: dc0b73cf @ Fri Aug  7 06:05:52 UTC 2026
